Archive member included to satisfy reference by file (symbol)

C:/ST/STM32CubeIDE_1.15.1/STM32CubeIDE/plugins/com.st.stm32cube.ide.mcu.externaltools.gnu-tools-for-stm32.12.3.rel1.win32_1.0.100.202403111256/tools/bin/../lib/gcc/arm-none-eabi/12.3.1/../../../../arm-none-eabi/lib/thumb/v7e-m+fp/hard\libc_nano.a(libc_a-exit.o)
                              C:/ST/STM32CubeIDE_1.15.1/STM32CubeIDE/plugins/com.st.stm32cube.ide.mcu.externaltools.gnu-tools-for-stm32.12.3.rel1.win32_1.0.100.202403111256/tools/bin/../lib/gcc/arm-none-eabi/12.3.1/../../../../arm-none-eabi/lib/thumb/v7e-m+fp/hard/crt0.o (exit)
C:/ST/STM32CubeIDE_1.15.1/STM32CubeIDE/plugins/com.st.stm32cube.ide.mcu.externaltools.gnu-tools-for-stm32.12.3.rel1.win32_1.0.100.202403111256/tools/bin/../lib/gcc/arm-none-eabi/12.3.1/../../../../arm-none-eabi/lib/thumb/v7e-m+fp/hard\libc_nano.a(libc_a-findfp.o)
                              C:/ST/STM32CubeIDE_1.15.1/STM32CubeIDE/plugins/com.st.stm32cube.ide.mcu.externaltools.gnu-tools-for-stm32.12.3.rel1.win32_1.0.100.202403111256/tools/bin/../lib/gcc/arm-none-eabi/12.3.1/../../../../arm-none-eabi/lib/thumb/v7e-m+fp/hard\libc_nano.a(libc_a-exit.o) (__stdio_exit_handler)
C:/ST/STM32CubeIDE_1.15.1/STM32CubeIDE/plugins/com.st.stm32cube.ide.mcu.externaltools.gnu-tools-for-stm32.12.3.rel1.win32_1.0.100.202403111256/tools/bin/../lib/gcc/arm-none-eabi/12.3.1/../../../../arm-none-eabi/lib/thumb/v7e-m+fp/hard\libc_nano.a(libc_a-fwalk.o)
                              C:/ST/STM32CubeIDE_1.15.1/STM32CubeIDE/plugins/com.st.stm32cube.ide.mcu.externaltools.gnu-tools-for-stm32.12.3.rel1.win32_1.0.100.202403111256/tools/bin/../lib/gcc/arm-none-eabi/12.3.1/../../../../arm-none-eabi/lib/thumb/v7e-m+fp/hard\libc_nano.a(libc_a-findfp.o) (_fwalk_sglue)
C:/ST/STM32CubeIDE_1.15.1/STM32CubeIDE/plugins/com.st.stm32cube.ide.mcu.externaltools.gnu-tools-for-stm32.12.3.rel1.win32_1.0.100.202403111256/tools/bin/../lib/gcc/arm-none-eabi/12.3.1/../../../../arm-none-eabi/lib/thumb/v7e-m+fp/hard\libc_nano.a(libc_a-stdio.o)
                              C:/ST/STM32CubeIDE_1.15.1/STM32CubeIDE/plugins/com.st.stm32cube.ide.mcu.externaltools.gnu-tools-for-stm32.12.3.rel1.win32_1.0.100.202403111256/tools/bin/../lib/gcc/arm-none-eabi/12.3.1/../../../../arm-none-eabi/lib/thumb/v7e-m+fp/hard\libc_nano.a(libc_a-findfp.o) (__sread)
C:/ST/STM32CubeIDE_1.15.1/STM32CubeIDE/plugins/com.st.stm32cube.ide.mcu.externaltools.gnu-tools-for-stm32.12.3.rel1.win32_1.0.100.202403111256/tools/bin/../lib/gcc/arm-none-eabi/12.3.1/../../../../arm-none-eabi/lib/thumb/v7e-m+fp/hard\libc_nano.a(libc_a-memset.o)
                              C:/ST/STM32CubeIDE_1.15.1/STM32CubeIDE/plugins/com.st.stm32cube.ide.mcu.externaltools.gnu-tools-for-stm32.12.3.rel1.win32_1.0.100.202403111256/tools/bin/../lib/gcc/arm-none-eabi/12.3.1/../../../../arm-none-eabi/lib/thumb/v7e-m+fp/hard/crt0.o (memset)
C:/ST/STM32CubeIDE_1.15.1/STM32CubeIDE/plugins/com.st.stm32cube.ide.mcu.externaltools.gnu-tools-for-stm32.12.3.rel1.win32_1.0.100.202403111256/tools/bin/../lib/gcc/arm-none-eabi/12.3.1/../../../../arm-none-eabi/lib/thumb/v7e-m+fp/hard\libc_nano.a(libc_a-closer.o)
                              C:/ST/STM32CubeIDE_1.15.1/STM32CubeIDE/plugins/com.st.stm32cube.ide.mcu.externaltools.gnu-tools-for-stm32.12.3.rel1.win32_1.0.100.202403111256/tools/bin/../lib/gcc/arm-none-eabi/12.3.1/../../../../arm-none-eabi/lib/thumb/v7e-m+fp/hard\libc_nano.a(libc_a-stdio.o) (_close_r)
C:/ST/STM32CubeIDE_1.15.1/STM32CubeIDE/plugins/com.st.stm32cube.ide.mcu.externaltools.gnu-tools-for-stm32.12.3.rel1.win32_1.0.100.202403111256/tools/bin/../lib/gcc/arm-none-eabi/12.3.1/../../../../arm-none-eabi/lib/thumb/v7e-m+fp/hard\libc_nano.a(libc_a-reent.o)
                              C:/ST/STM32CubeIDE_1.15.1/STM32CubeIDE/plugins/com.st.stm32cube.ide.mcu.externaltools.gnu-tools-for-stm32.12.3.rel1.win32_1.0.100.202403111256/tools/bin/../lib/gcc/arm-none-eabi/12.3.1/../../../../arm-none-eabi/lib/thumb/v7e-m+fp/hard\libc_nano.a(libc_a-closer.o) (errno)
C:/ST/STM32CubeIDE_1.15.1/STM32CubeIDE/plugins/com.st.stm32cube.ide.mcu.externaltools.gnu-tools-for-stm32.12.3.rel1.win32_1.0.100.202403111256/tools/bin/../lib/gcc/arm-none-eabi/12.3.1/../../../../arm-none-eabi/lib/thumb/v7e-m+fp/hard\libc_nano.a(libc_a-impure.o)
                              C:/ST/STM32CubeIDE_1.15.1/STM32CubeIDE/plugins/com.st.stm32cube.ide.mcu.externaltools.gnu-tools-for-stm32.12.3.rel1.win32_1.0.100.202403111256/tools/bin/../lib/gcc/arm-none-eabi/12.3.1/../../../../arm-none-eabi/lib/thumb/v7e-m+fp/hard\libc_nano.a(libc_a-reent.o) (_impure_ptr)
C:/ST/STM32CubeIDE_1.15.1/STM32CubeIDE/plugins/com.st.stm32cube.ide.mcu.externaltools.gnu-tools-for-stm32.12.3.rel1.win32_1.0.100.202403111256/tools/bin/../lib/gcc/arm-none-eabi/12.3.1/../../../../arm-none-eabi/lib/thumb/v7e-m+fp/hard\libc_nano.a(libc_a-lseekr.o)
[...]
Memory Configuration

Name             Origin             Length             Attributes
CCMRAM           0x10000000         0x00010000         xrw
RAM              0x20000000         0x00020000         xrw
FLASH            0x08000000         0x00100000         xr
*default*        0x00000000         0xffffffff

Linker script and memory map

LOAD C:/ST/STM32CubeIDE_1.15.1/STM32CubeIDE/plugins/com.st.stm32cube.ide.mcu.externaltools.gnu-tools-for-stm32.12.3.rel1.win32_1.0.100.202403111256/tools/bin/../lib/gcc/arm-none-eabi/12.3.1/thumb/v7e-m+fp/hard/crti.o
LOAD C:/ST/STM32CubeIDE_1.15.1/STM32CubeIDE/plugins/com.st.stm32cube.ide.mcu.externaltools.gnu-tools-for-stm32.12.3.rel1.win32_1.0.100.202403111256/tools/bin/../lib/gcc/arm-none-eabi/12.3.1/thumb/v7e-m+fp/hard/crtbegin.o
LOAD C:/ST/STM32CubeIDE_1.15.1/STM32CubeIDE/plugins/com.st.stm32cube.ide.mcu.externaltools.gnu-tools-for-stm32.12.3.rel1.win32_1.0.100.202403111256/tools/bin/../lib/gcc/arm-none-eabi/12.3.1/../../../../arm-none-eabi/lib/thumb/v7e-m+fp/hard/crt0.o
LOAD ./Src/lis3dsh.o
LOAD ./Src/main.o
LOAD ./Src/spi.o
LOAD ./Src/syscalls.o
LOAD ./Src/sysmem.o
LOAD ./Startup/startup_stm32f407vgtx.o
START GROUP
LOAD C:/ST/STM32CubeIDE_1.15.1/STM32CubeIDE/plugins/com.st.stm32cube.ide.mcu.externaltools.gnu-tools-for-stm32.12.3.rel1.win32_1.0.100.202403111256/tools/bin/../lib/gcc/arm-none-eabi/12.3.1/../../../../arm-none-eabi/lib/thumb/v7e-m+fp/hard\libc_nano.a
LOAD C:/ST/STM32CubeIDE_1.15.1/STM32CubeIDE/plugins/com.st.stm32cube.ide.mcu.externaltools.gnu-tools-for-stm32.12.3.rel1.win32_1.0.100.202403111256/tools/bin/../lib/gcc/arm-none-eabi/12.3.1/../../../../arm-none-eabi/lib/thumb/v7e-m+fp/hard\libm.a
END GROUP
START GROUP
LOAD C:/ST/STM32CubeIDE_1.15.1/STM32CubeIDE/plugins/com.st.stm32cube.ide.mcu.externaltools.gnu-tools-for-stm32.12.3.rel1.win32_1.0.100.202403111256/tools/bin/../lib/gcc/arm-none-eabi/12.3.1/thumb/v7e-m+fp/hard\libgcc.a
LOAD C:/ST/STM32CubeIDE_1.15.1/STM32CubeIDE/plugins/com.st.stm32cube.ide.mcu.externaltools.gnu-tools-for-stm32.12.3.rel1.win32_1.0.100.202403111256/tools/bin/../lib/gcc/arm-none-eabi/12.3.1/../../../../arm-none-eabi/lib/thumb/v7e-m+fp/hard\libc_nano.a
END GROUP
START GROUP
LOAD C:/ST/STM32CubeIDE_1.15.1/STM32CubeIDE/plugins/com.st.stm32cube.ide.mcu.externaltools.gnu-tools-for-stm32.12.3.rel1.win32_1.0.100.202403111256/tools/bin/../lib/gcc/arm-none-eabi/12.3.1/thumb/v7e-m+fp/hard\libgcc.a
LOAD C:/ST/STM32CubeIDE_1.15.1/STM32CubeIDE/plugins/com.st.stm32cube.ide.mcu.externaltools.gnu-tools-for-stm32.12.3.rel1.win32_1.0.100.202403111256/tools/bin/../lib/gcc/arm-none-eabi/12.3.1/../../../../arm-none-eabi/lib/thumb/v7e-m+fp/hard\libc_nano.a
LOAD C:/ST/STM32CubeIDE_1.15.1/STM32CubeIDE/plugins/com.st.stm32cube.ide.mcu.externaltools.gnu-tools-for-stm32.12.3.rel1.win32_1.0.100.202403111256/tools/bin/../lib/gcc/arm-none-eabi/12.3.1/../../../../arm-none-eabi/lib/thumb/v7e-m+fp/hard\libnosys.a
END GROUP
START GROUP
LOAD C:/ST/STM32CubeIDE_1.15.1/STM32CubeIDE/plugins/com.st.stm32cube.ide.mcu.externaltools.gnu-tools-for-stm32.12.3.rel1.win32_1.0.100.202403111256/tools/bin/../lib/gcc/arm-none-eabi/12.3.1/thumb/v7e-m+fp/hard\libgcc.a
LOAD C:/ST/STM32CubeIDE_1.15.1/STM32CubeIDE/plugins/com.st.stm32cube.ide.mcu.externaltools.gnu-tools-for-stm32.12.3.rel1.win32_1.0.100.202403111256/tools/bin/../lib/gcc/arm-none-eabi/12.3.1/../../../../arm-none-eabi/lib/thumb/v7e-m+fp/hard\libc_nano.a
LOAD C:/ST/STM32CubeIDE_1.15.1/STM32CubeIDE/plugins/com.st.stm32cube.ide.mcu.externaltools.gnu-tools-for-stm32.12.3.rel1.win32_1.0.100.202403111256/tools/bin/../lib/gcc/arm-none-eabi/12.3.1/../../../../arm-none-eabi/lib/thumb/v7e-m+fp/hard\libnosys.a
END GROUP
LOAD C:/ST/STM32CubeIDE_1.15.1/STM32CubeIDE/plugins/com.st.stm32cube.ide.mcu.externaltools.gnu-tools-for-stm32.12.3.rel1.win32_1.0.100.202403111256/tools/bin/../lib/gcc/arm-none-eabi/12.3.1/thumb/v7e-m+fp/hard/crtend.o
LOAD C:/ST/STM32CubeIDE_1.15.1/STM32CubeIDE/plugins/com.st.stm32cube.ide.mcu.externaltools.gnu-tools-for-stm32.12.3.rel1.win32_1.0.100.202403111256/tools/bin/../lib/gcc/arm-none-eabi/12.3.1/thumb/v7e-m+fp/hard/crtn.o
                0x20020000                        _estack = (ORIGIN (RAM) + LENGTH (RAM))
                0x00000200                        _Min_Heap_Size = 0x200
                0x00000400                        _Min_Stack_Size = 0x400

.isr_vector     0x08000000      0x188
                0x08000000                        . = ALIGN (0x4)
 *(.isr_vector)
 .isr_vector    0x08000000      0x188 ./Startup/startup_stm32f407vgtx.o
                0x08000000                g_pfnVectors
                0x08000188                        . = ALIGN (0x4)

.text           0x08000188      0x510
                0x08000188                        . = ALIGN (0x4)
 *(.text)
 .text          0x08000188       0x40 C:/ST/STM32CubeIDE_1.15.1/STM32CubeIDE/plugins/com.st.stm32cube.ide.mcu.externaltools.gnu-tools-for-stm32.12.3.rel1.win32_1.0.100.202403111256/tools/bin/../lib/gcc/arm-none-eabi/12.3.1/thumb/v7e-m+fp/hard/crtbegin.o
 *(.text*)
 .text.lis3dshRead
                0x080001c8       0x3e ./Src/lis3dsh.o
                0x080001c8                lis3dshRead
 .text.lis3dshWrite
                0x08000206       0x34 ./Src/lis3dsh.o
                0x08000206                lis3dshWrite
 .text.lis3dshInit
                0x0800023a       0x18 ./Src/lis3dsh.o
                0x0800023a                lis3dshInit
 *fill*         0x08000252        0x2 
 .text.main     0x08000254       0x98 ./Src/main.o
                0x08000254                main
 .text.SPI_gpioInit
                0x080002ec      0x148 ./Src/spi.o
                0x080002ec                SPI_gpioInit
 .text.SPI1_Config
                0x08000434       0xb4 ./Src/spi.o
                0x08000434                SPI1_Config
 .text.SPI1_Transmit
                0x080004e8       0x70 ./Src/spi.o
                0x080004e8                SPI1_Transmit
 .text.SPI1_Receive
                0x08000558       0x4c ./Src/spi.o
                0x08000558                SPI1_Receive
 .text.csLow    0x080005a4       0x20 ./Src/spi.o
                0x080005a4                csLow
 .text.csHigh   0x080005c4       0x20 ./Src/spi.o
                0x080005c4                csHigh
 .text.Reset_Handler
                0x080005e4       0x50 ./Startup/startup_stm32f407vgtx.o
                0x080005e4                Reset_Handler
 .text.Default_Handler
                0x08000634        0x2 ./Startup/startup_stm32f407vgtx.o
                0x08000634                RTC_Alarm_IRQHandler
                0x08000634                HASH_RNG_IRQHandler
                0x08000634                EXTI2_IRQHandler
                0x08000634                TIM8_CC_IRQHandler
                0x08000634                DebugMon_Handler
                0x08000634                TIM1_CC_IRQHandler
                0x08000634                DMA2_Stream5_IRQHandler
                0x08000634                HardFault_Handler
                0x08000634                DMA1_Stream5_IRQHandler
                0x08000634                SysTick_Handler
                0x08000634                PVD_IRQHandler
                0x08000634                SDIO_IRQHandler
                0x08000634                TAMP_STAMP_IRQHandler
                0x08000634                PendSV_Handler
                0x08000634                NMI_Handler
                0x08000634                CAN2_RX1_IRQHandler
                0x08000634                EXTI3_IRQHandler
                0x08000634                TIM8_TRG_COM_TIM14_IRQHandler
                0x08000634                TIM1_UP_TIM10_IRQHandler
                0x08000634                TIM8_UP_TIM13_IRQHandler
                0x08000634                I2C3_ER_IRQHandler
                0x08000634                EXTI0_IRQHandler
                0x08000634                I2C2_EV_IRQHandler
                0x08000634                DMA1_Stream2_IRQHandler
                0x08000634                CAN1_RX0_IRQHandler
                0x08000634                FPU_IRQHandler
                0x08000634                OTG_HS_WKUP_IRQHandler
                0x08000634                UsageFault_Handler
                0x08000634                CAN2_SCE_IRQHandler
                0x08000634                DMA2_Stream2_IRQHandler
                0x08000634                SPI1_IRQHandler
                0x08000634                TIM6_DAC_IRQHandler
                0x08000634                TIM1_BRK_TIM9_IRQHandler
                0x08000634                DCMI_IRQHandler
                0x08000634                CAN2_RX0_IRQHandler
                0x08000634                DMA2_Stream3_IRQHandler
                0x08000634                USART6_IRQHandler
                0x08000634                USART3_IRQHandler
                0x08000634                CRYP_IRQHandler
                0x08000634                CAN1_RX1_IRQHandler
                0x08000634                UART5_IRQHandler
                0x08000634                DMA2_Stream0_IRQHandler
                0x08000634                TIM4_IRQHandler
                0x08000634                I2C1_EV_IRQHandler
                0x08000634                DMA1_Stream6_IRQHandler
                0x08000634                DMA1_Stream1_IRQHandler
                0x08000634                UART4_IRQHandler
                0x08000634                TIM3_IRQHandler
                0x08000634                RCC_IRQHandler
                0x08000634                TIM8_BRK_TIM12_IRQHandler
                0x08000634                Default_Handler
                0x08000634                EXTI15_10_IRQHandler
                0x08000634                ADC_IRQHandler
                0x08000634                DMA1_Stream7_IRQHandler
                0x08000634                TIM7_IRQHandler
                0x08000634                CAN2_TX_IRQHandler
                0x08000634                TIM5_IRQHandler
                0x08000634                DMA2_Stream7_IRQHandler
                0x08000634                I2C3_EV_IRQHandler
                0x08000634                EXTI9_5_IRQHandler
                0x08000634                RTC_WKUP_IRQHandler
                0x08000634                ETH_WKUP_IRQHandler
                0x08000634                SPI2_IRQHandler
                0x08000634                OTG_HS_EP1_IN_IRQHandler
                0x08000634                MemManage_Handler
                0x08000634                DMA1_Stream0_IRQHandler
                0x08000634                CAN1_TX_IRQHandler
                0x08000634                SVC_Handler
                0x08000634                EXTI4_IRQHandler
                0x08000634                FSMC_IRQHandler
                0x08000634                ETH_IRQHandler
                0x08000634                OTG_HS_EP1_OUT_IRQHandler
                0x08000634                WWDG_IRQHandler
                0x08000634                TIM2_IRQHandler
                0x08000634                OTG_FS_WKUP_IRQHandler
                0x08000634                TIM1_TRG_COM_TIM11_IRQHandler
                0x08000634                OTG_HS_IRQHandler
                0x08000634                EXTI1_IRQHandler
                0x08000634                USART2_IRQHandler
                0x08000634                I2C2_ER_IRQHandler
                0x08000634                DMA2_Stream1_IRQHandler
                0x08000634                CAN1_SCE_IRQHandler
                0x08000634                DMA2_Stream4_IRQHandler
                0x08000634                BusFault_Handler
                0x08000634                USART1_IRQHandler
                0x08000634                OTG_FS_IRQHandler
                0x08000634                SPI3_IRQHandler
                0x08000634                DMA1_Stream4_IRQHandler
                0x08000634                I2C1_ER_IRQHandler
                0x08000634                DMA2_Stream6_IRQHandler
                0x08000634                DMA1_Stream3_IRQHandler
 *fill*         0x08000636        0x2 
 .text.__libc_init_array
                0x08000638       0x48 C:/ST/STM32CubeIDE_1.15.1/STM32CubeIDE/plugins/com.st.stm32cube.ide.mcu.externaltools.gnu-tools-for-stm32.12.3.rel1.win32_1.0.100.202403111256/tools/bin/../lib/gcc/arm-none-eabi/12.3.1/../../../../arm-none-eabi/lib/thumb/v7e-m+fp/hard\libc_nano.a(libc_a-init.o)
                0x08000638                __libc_init_array
 *(.glue_7)
 .glue_7        0x08000680        0x0 linker stubs
 *(.glue_7t)
 .glue_7t       0x08000680        0x0 linker stubs
 *(.eh_frame)
 .eh_frame      0x08000680        0x0 C:/ST/STM32CubeIDE_1.15.1/STM32CubeIDE/plugins/com.st.stm32cube.ide.mcu.externaltools.gnu-tools-for-stm32.12.3.rel1.win32_1.0.100.202403111256/tools/bin/../lib/gcc/arm-none-eabi/12.3.1/thumb/v7e-m+fp/hard/crtbegin.o
 *(.init)
 .init          0x08000680        0x4 C:/ST/STM32CubeIDE_1.15.1/STM32CubeIDE/plugins/com.st.stm32cube.ide.mcu.externaltools.gnu-tools-for-stm32.12.3.rel1.win32_1.0.100.202403111256/tools/bin/../lib/gcc/arm-none-eabi/12.3.1/thumb/v7e-m+fp/hard/crti.o
                0x08000680                _init
 .init          0x08000684        0x8 C:/ST/STM32CubeIDE_1.15.1/STM32CubeIDE/plugins/com.st.stm32cube.ide.mcu.externaltools.gnu-tools-for-stm32.12.3.rel1.win32_1.0.100.202403111256/tools/bin/../lib/gcc/arm-none-eabi/12.3.1/thumb/v7e-m+fp/hard/crtn.o
 *(.fini)
 .fini          0x0800068c        0x4 C:/ST/STM32CubeIDE_1.15.1/STM32CubeIDE/plugins/com.st.stm32cube.ide.mcu.externaltools.gnu-tools-for-stm32.12.3.rel1.win32_1.0.100.202403111256/tools/bin/../lib/gcc/arm-none-eabi/12.3.1/thumb/v7e-m+fp/hard/crti.o
                0x0800068c                _fini
 .fini          0x08000690        0x8 C:/ST/STM32CubeIDE_1.15.1/STM32CubeIDE/plugins/com.st.stm32cube.ide.mcu.externaltools.gnu-tools-for-stm32.12.3.rel1.win32_1.0.100.202403111256/tools/bin/../lib/gcc/arm-none-eabi/12.3.1/thumb/v7e-m+fp/hard/crtn.o
                0x08000698                        . = ALIGN (0x4)
                0x08000698                        _etext = .

.vfp11_veneer   0x08000698        0x0
 .vfp11_veneer  0x08000698        0x0 linker stubs

.v4_bx          0x08000698        0x0
 .v4_bx         0x08000698        0x0 linker stubs

.iplt           0x08000698        0x0
 .iplt          0x08000698        0x0 C:/ST/STM32CubeIDE_1.15.1/STM32CubeIDE/plugins/com.st.stm32cube.ide.mcu.externaltools.gnu-tools-for-stm32.12.3.rel1.win32_1.0.100.202403111256/tools/bin/../lib/gcc/arm-none-eabi/12.3.1/thumb/v7e-m+fp/hard/crtbegin.o

.rodata         0x08000698        0x0
                0x08000698                        . = ALIGN (0x4)
 *(.rodata)
 *(.rodata*)
                0x08000698                        . = ALIGN (0x4)

.ARM.extab      0x08000698        0x0
                0x08000698                        . = ALIGN (0x4)
 *(.ARM.extab* .gnu.linkonce.armextab.*)
                0x08000698                        . = ALIGN (0x4)

.ARM            0x08000698        0x0
                0x08000698                        . = ALIGN (0x4)
                0x08000698                        __exidx_start = .
 *(.ARM.exidx*)
                0x08000698                        __exidx_end = .
                0x08000698                        . = ALIGN (0x4)

.preinit_array  0x08000698        0x0
                0x08000698                        . = ALIGN (0x4)
                0x08000698                        PROVIDE (__preinit_array_start = .)
 *(.preinit_array*)
                0x08000698                        PROVIDE (__preinit_array_end = .)
                0x08000698                        . = ALIGN (0x4)

.init_array     0x08000698        0x4
                0x08000698                        . = ALIGN (0x4)
                0x08000698                        PROVIDE (__init_array_start = .)
 *(SORT_BY_NAME(.init_array.*))
 *(.init_array*)
 .init_array    0x08000698        0x4 C:/ST/STM32CubeIDE_1.15.1/STM32CubeIDE/plugins/com.st.stm32cube.ide.mcu.externaltools.gnu-tools-for-stm32.12.3.rel1.win32_1.0.100.202403111256/tools/bin/../lib/gcc/arm-none-eabi/12.3.1/thumb/v7e-m+fp/hard/crtbegin.o
                0x0800069c                        PROVIDE (__init_array_end = .)
                0x0800069c                        . = ALIGN (0x4)

.fini_array     0x0800069c        0x4
                0x0800069c                        . = ALIGN (0x4)
                [!provide]                        PROVIDE (__fini_array_start = .)
 *(SORT_BY_NAME(.fini_array.*))
 *(.fini_array*)
 .fini_array    0x0800069c        0x4 C:/ST/STM32CubeIDE_1.15.1/STM32CubeIDE/plugins/com.st.stm32cube.ide.mcu.externaltools.gnu-tools-for-stm32.12.3.rel1.win32_1.0.100.202403111256/tools/bin/../lib/gcc/arm-none-eabi/12.3.1/thumb/v7e-m+fp/hard/crtbegin.o
                [!provide]                        PROVIDE (__fini_array_end = .)
                0x080006a0                        . = ALIGN (0x4)
                0x080006a0                        _sidata = LOADADDR (.data)

.rel.dyn        0x080006a0        0x0
 .rel.iplt      0x080006a0        0x0 C:/ST/STM32CubeIDE_1.15.1/STM32CubeIDE/plugins/com.st.stm32cube.ide.mcu.externaltools.gnu-tools-for-stm32.12.3.rel1.win32_1.0.100.202403111256/tools/bin/../lib/gcc/arm-none-eabi/12.3.1/thumb/v7e-m+fp/hard/crtbegin.o

.data           0x20000000        0x0 load address 0x080006a0
                0x20000000                        . = ALIGN (0x4)
                0x20000000                        _sdata = .
 *(.data)
 *(.data*)
 *(.RamFunc)
 *(.RamFunc*)
                0x20000000                        . = ALIGN (0x4)
                0x20000000                        _edata = .
                0x080006a0                        _siccmram = LOADADDR (.ccmram)

.igot.plt       0x20000000        0x0 load address 0x080006a0
 .igot.plt      0x20000000        0x0 C:/ST/STM32CubeIDE_1.15.1/STM32CubeIDE/plugins/com.st.stm32cube.ide.mcu.externaltools.gnu-tools-for-stm32.12.3.rel1.win32_1.0.100.202403111256/tools/bin/../lib/gcc/arm-none-eabi/12.3.1/thumb/v7e-m+fp/hard/crtbegin.o

.ccmram         0x10000000        0x0 load address 0x080006a0
                0x10000000                        . = ALIGN (0x4)
                0x10000000                        _sccmram = .
 *(.ccmram)
 *(.ccmram*)
                0x10000000                        . = ALIGN (0x4)
                0x10000000                        _eccmram = .
                0x10000000                        . = ALIGN (0x4)

.bss            0x20000000       0x2c
                0x20000000                        _sbss = .
                0x20000000                        __bss_start__ = _sbss
 *(.bss)
 .bss           0x20000000       0x1c C:/ST/STM32CubeIDE_1.15.1/STM32CubeIDE/plugins/com.st.stm32cube.ide.mcu.externaltools.gnu-tools-for-stm32.12.3.rel1.win32_1.0.100.202403111256/tools/bin/../lib/gcc/arm-none-eabi/12.3.1/thumb/v7e-m+fp/hard/crtbegin.o
 *(.bss*)
 .bss.x         0x2000001c        0x2 ./Src/main.o
                0x2000001c                x
 .bss.y         0x2000001e        0x2 ./Src/main.o
                0x2000001e                y
 .bss.z         0x20000020        0x2 ./Src/main.o
                0x20000020                z
 *fill*         0x20000022        0x2 
 .bss.rxData    0x20000024        0x6 ./Src/main.o
                0x20000024                rxData
 .bss.who_am_i  0x2000002a        0x1 ./Src/main.o
                0x2000002a                who_am_i
 .bss.temp      0x2000002b        0x1 ./Src/main.o
                0x2000002b                temp
 *(COMMON)
                0x2000002c                        . = ALIGN (0x4)
                0x2000002c                        _ebss = .
                0x2000002c                        __bss_end__ = _ebss

._user_heap_stack
                0x2000002c      0x604
                0x20000030                        . = ALIGN (0x8)
 *fill*         0x2000002c        0x4 
                [!provide]                        PROVIDE (end = .)
                0x20000030                        PROVIDE (_end = .)
                0x20000230                        . = (. + _Min_Heap_Size)
 *fill*         0x20000030      0x200 
                0x20000630                        . = (. + _Min_Stack_Size)
 *fill*         0x20000230      0x400 
                0x20000630                        . = ALIGN (0x8)

/DISCARD/
 libc.a(*)
 libm.a(*)
 libgcc.a(*)

.ARM.attributes
                0x00000000       0x30
 *(.ARM.attributes)
 .ARM.attributes
                0x00000000       0x22 C:/ST/STM32CubeIDE_1.15.1/STM32CubeIDE/plugins/com.st.stm32cube.ide.mcu.externaltools.gnu-tools-for-stm32.12.3.rel1.win32_1.0.100.202403111256/tools/bin/../lib/gcc/arm-none-eabi/12.3.1/thumb/v7e-m+fp/hard/crti.o
 .ARM.attributes
                0x00000022       0x34 C:/ST/STM32CubeIDE_1.15.1/STM32CubeIDE/plugins/com.st.stm32cube.ide.mcu.externaltools.gnu-tools-for-stm32.12.3.rel1.win32_1.0.100.202403111256/tools/bin/../lib/gcc/arm-none-eabi/12.3.1/thumb/v7e-m+fp/hard/crtbegin.o
 .ARM.attributes
                0x00000056       0x34 ./Src/lis3dsh.o
 .ARM.attributes
                0x0000008a       0x34 ./Src/main.o
 .ARM.attributes
                0x000000be       0x34 ./Src/spi.o
 .ARM.attributes
                0x000000f2       0x21 ./Startup/startup_stm32f407vgtx.o
 .ARM.attributes
                0x00000113       0x34 C:/ST/STM32CubeIDE_1.15.1/STM32CubeIDE/plugins/com.st.stm32cube.ide.mcu.externaltools.gnu-tools-for-stm32.12.3.rel1.win32_1.0.100.202403111256/tools/bin/../lib/gcc/arm-none-eabi/12.3.1/../../../../arm-none-eabi/lib/thumb/v7e-m+fp/hard\libc_nano.a(libc_a-init.o)
 .ARM.attributes
                0x00000147       0x22 C:/ST/STM32CubeIDE_1.15.1/STM32CubeIDE/plugins/com.st.stm32cube.ide.mcu.externaltools.gnu-tools-for-stm32.12.3.rel1.win32_1.0.100.202403111256/tools/bin/../lib/gcc/arm-none-eabi/12.3.1/thumb/v7e-m+fp/hard/crtn.o
OUTPUT(9_SPI_LIS302DL.elf elf32-littlearm)
LOAD linker stubs
LOAD C:/ST/STM32CubeIDE_1.15.1/STM32CubeIDE/plugins/com.st.stm32cube.ide.mcu.externaltools.gnu-tools-for-stm32.12.3.rel1.win32_1.0.100.202403111256/tools/bin/../lib/gcc/arm-none-eabi/12.3.1/../../../../arm-none-eabi/lib/thumb/v7e-m+fp/hard\libc.a
LOAD C:/ST/STM32CubeIDE_1.15.1/STM32CubeIDE/plugins/com.st.stm32cube.ide.mcu.externaltools.gnu-tools-for-stm32.12.3.rel1.win32_1.0.100.202403111256/tools/bin/../lib/gcc/arm-none-eabi/12.3.1/../../../../arm-none-eabi/lib/thumb/v7e-m+fp/hard\libm.a
LOAD C:/ST/STM32CubeIDE_1.15.1/STM32CubeIDE/plugins/com.st.stm32cube.ide.mcu.externaltools.gnu-tools-for-stm32.12.3.rel1.win32_1.0.100.202403111256/tools/bin/../lib/gcc/arm-none-eabi/12.3.1/thumb/v7e-m+fp/hard\libgcc.a

.debug_info     0x00000000      0x750
 .debug_info    0x00000000      0x198 ./Src/lis3dsh.o
 .debug_info    0x00000198      0x174 ./Src/main.o
 .debug_info    0x0000030c      0x414 ./Src/spi.o
 .debug_info    0x00000720       0x30 ./Startup/startup_stm32f407vgtx.o

.debug_abbrev   0x00000000      0x2f8
 .debug_abbrev  0x00000000       0xf9 ./Src/lis3dsh.o
 .debug_abbrev  0x000000f9       0xc9 ./Src/main.o
 .debug_abbrev  0x000001c2      0x112 ./Src/spi.o
 .debug_abbrev  0x000002d4       0x24 ./Startup/startup_stm32f407vgtx.o

.debug_aranges  0x00000000       0xc0
 .debug_aranges
                0x00000000       0x30 ./Src/lis3dsh.o
 .debug_aranges
                0x00000030       0x20 ./Src/main.o
 .debug_aranges
                0x00000050       0x48 ./Src/spi.o
 .debug_aranges
                0x00000098       0x28 ./Startup/startup_stm32f407vgtx.o

.debug_rnglists
                0x00000000       0x7f
 .debug_rnglists
                0x00000000       0x1f ./Src/lis3dsh.o
 .debug_rnglists
                0x0000001f       0x14 ./Src/main.o
 .debug_rnglists
                0x00000033       0x33 ./Src/spi.o
 .debug_rnglists
                0x00000066       0x19 ./Startup/startup_stm32f407vgtx.o

.debug_macro    0x00000000    0x192d4
 .debug_macro   0x00000000      0x1c4 ./Src/lis3dsh.o
 .debug_macro   0x000001c4      0xac0 ./Src/lis3dsh.o
 .debug_macro   0x00000c84       0x28 ./Src/lis3dsh.o
 .debug_macro   0x00000cac       0x2f ./Src/lis3dsh.o
 .debug_macro   0x00000cdb       0x22 ./Src/lis3dsh.o
 .debug_macro   0x00000cfd       0x8e ./Src/lis3dsh.o
 .debug_macro   0x00000d8b       0x51 ./Src/lis3dsh.o
 .debug_macro   0x00000ddc      0x103 ./Src/lis3dsh.o
 .debug_macro   0x00000edf       0x6a ./Src/lis3dsh.o
 .debug_macro   0x00000f49      0x1df ./Src/lis3dsh.o
 .debug_macro   0x00001128       0x1c ./Src/lis3dsh.o
 .debug_macro   0x00001144       0x22 ./Src/lis3dsh.o
 .debug_macro   0x00001166       0xfb ./Src/lis3dsh.o
 .debug_macro   0x00001261     0x1011 ./Src/lis3dsh.o
 .debug_macro   0x00002272      0x11f ./Src/lis3dsh.o
 .debug_macro   0x00002391    0x15e97 ./Src/lis3dsh.o
 .debug_macro   0x00018228       0x6d ./Src/lis3dsh.o
 .debug_macro   0x00018295       0x61 ./Src/lis3dsh.o
 .debug_macro   0x000182f6       0x2a ./Src/lis3dsh.o
 .debug_macro   0x00018320       0x43 ./Src/lis3dsh.o
 .debug_macro   0x00018363       0x34 ./Src/lis3dsh.o
 .debug_macro   0x00018397       0x16 ./Src/lis3dsh.o
 .debug_macro   0x000183ad       0x9e ./Src/lis3dsh.o
 .debug_macro   0x0001844b      0x369 ./Src/lis3dsh.o
 .debug_macro   0x000187b4      0x10b ./Src/lis3dsh.o
 .debug_macro   0x000188bf       0x10 ./Src/lis3dsh.o
 .debug_macro   0x000188cf       0x16 ./Src/lis3dsh.o
 .debug_macro   0x000188e5       0x43 ./Src/lis3dsh.o
 .debug_macro   0x00018928       0x34 ./Src/lis3dsh.o
 .debug_macro   0x0001895c       0x10 ./Src/lis3dsh.o
 .debug_macro   0x0001896c       0x58 ./Src/lis3dsh.o
 .debug_macro   0x000189c4       0x8e ./Src/lis3dsh.o
 .debug_macro   0x00018a52       0x1c ./Src/lis3dsh.o
 .debug_macro   0x00018a6e      0x177 ./Src/lis3dsh.o
 .debug_macro   0x00018be5       0x16 ./Src/lis3dsh.o
 .debug_macro   0x00018bfb       0x16 ./Src/lis3dsh.o
 .debug_macro   0x00018c11      0x146 ./Src/lis3dsh.o
 .debug_macro   0x00018d57       0xa0 ./Src/lis3dsh.o
 .debug_macro   0x00018df7      0x1be ./Src/main.o
 .debug_macro   0x00018fb5       0x5b ./Src/main.o
 .debug_macro   0x00019010       0x94 ./Src/main.o
 .debug_macro   0x000190a4       0x57 ./Src/main.o
 .debug_macro   0x000190fb      0x1d9 ./Src/spi.o

.debug_line     0x00000000     0x1699
 .debug_line    0x00000000      0x6ac ./Src/lis3dsh.o
 .debug_line    0x000006ac      0x70c ./Src/main.o
 .debug_line    0x00000db8      0x866 ./Src/spi.o
 .debug_line    0x0000161e       0x7b ./Startup/startup_stm32f407vgtx.o

.debug_str      0x00000000    0x8c0eb
 .debug_str     0x00000000    0x8beb7 ./Src/lis3dsh.o
                              0x8c0af (size before relaxing)
 .debug_str     0x0008beb7       0x3b ./Src/main.o
                              0x8c064 (size before relaxing)
 .debug_str     0x0008bef2      0x1ba ./Src/spi.o
                              0x8bffe (size before relaxing)
 .debug_str     0x0008c0ac       0x3f ./Startup/startup_stm32f407vgtx.o
                                 0x5d (size before relaxing)

.comment        0x00000000       0x43
 .comment       0x00000000       0x43 ./Src/lis3dsh.o
                                 0x44 (size before relaxing)
 .comment       0x00000043       0x44 ./Src/main.o
 .comment       0x00000043       0x44 ./Src/spi.o

.debug_frame    0x00000000      0x1ac
 .debug_frame   0x00000000       0x74 ./Src/lis3dsh.o
 .debug_frame   0x00000074       0x2c ./Src/main.o
 .debug_frame   0x000000a0       0xe0 ./Src/spi.o
 .debug_frame   0x00000180       0x2c C:/ST/STM32CubeIDE_1.15.1/STM32CubeIDE/plugins/com.st.stm32cube.ide.mcu.externaltools.gnu-tools-for-stm32.12.3.rel1.win32_1.0.100.202403111256/tools/bin/../lib/gcc/arm-none-eabi/12.3.1/../../../../arm-none-eabi/lib/thumb/v7e-m+fp/hard\libc_nano.a(libc_a-init.o)

.debug_line_str
                0x00000000       0x41
 .debug_line_str
                0x00000000       0x41 ./Startup/startup_stm32f407vgtx.o
