12:11:42 **** Incremental Build of configuration Debug for project 00-Blinky ****
make -j4 all 
arm-none-eabi-gcc "../Core/Src/main.c" -mcpu=cortex-m4 -std=gnu11 -g3 -DDEBUG -DUSE_HAL_DRIVER -DSTM32F407xx -c -I../Core/Inc -I../Drivers/STM32F4xx_HAL_Driver/Inc -I../Drivers/STM32F4xx_HAL_Driver/Inc/Legacy -I../Drivers/CMSIS/Device/ST/STM32F4xx/Include -I../Drivers/CMSIS/Include -O0 -ffunction-sections -fdata-sections -Wall -fstack-usage -fcyclomatic-complexity -MMD -MP -MF"Core/Src/main.d" -MT"Core/Src/main.o" --specs=nano.specs -mfpu=fpv4-sp-d16 -mfloat-abi=hard -mthumb -o "Core/Src/main.o"
arm-none-eabi-gcc -o "00-Blinky.elf" @"objects.list"   -mcpu=cortex-m4 -T"D:\stm32\GPIO\00-Blinky\STM32F407VGTX_FLASH.ld" --specs=nosys.specs -Wl,-Map="00-Blinky.map" -Wl,--gc-sections -static --specs=nano.specs -mfpu=fpv4-sp-d16 -mfloat-abi=hard -mthumb -Wl,--start-group -lc -lm -Wl,--end-group
Finished building target: 00-Blinky.elf
 
arm-none-eabi-size  00-Blinky.elf 
arm-none-eabi-objdump -h -S 00-Blinky.elf  > "00-Blinky.list"
   text	   data	    bss	    dec	    hex	filename
   5816	     12	   1572	   7400	   1ce8	00-Blinky.elf
Finished building: default.size.stdout
 
Finished building: 00-Blinky.list
 
12:11:46 **** Incremental Build of configuration Debug for project 00-Blinky ****
make -j4 all 
arm-none-eabi-size  00-Blinky.elf 
   text	   data	    bss	    dec	    hex	filename
   5816	     12	   1572	   7400	   1ce8	00-Blinky.elf
Finished building: default.size.stdout
 
12:15:53 **** Incremental Build of configuration Debug for project 00-Blinky ****
make -j4 all 
arm-none-eabi-size  00-Blinky.elf 
   text	   data	    bss	    dec	    hex	filename
   5816	     12	   1572	   7400	   1ce8	00-Blinky.elf
Finished building: default.size.stdout
 
