09:11:54 **** Build of configuration Debug for project 1_gpio_output ****
make -j4 all 
arm-none-eabi-gcc "../Src/main.c" -mcpu=cortex-m4 -std=gnu11 -g3 -DDEBUG -DSTM32 -DSTM32F4 -DSTM32F407VGTx -DSTM32F407xx -c -I../Inc -I"D:/stm32/chip_headers/CMSIS/Device/ST/STM32F4xx/Include" -I"D:/stm32/chip_headers/CMSIS/Include" -O0 -ffunction-sections -fdata-sections -Wall -fstack-usage -fcyclomatic-complexity -MMD -MP -MF"Src/main.d" -MT"Src/main.o" --specs=nano.specs -mfpu=fpv4-sp-d16 -mfloat-abi=hard -mthumb -o "Src/main.o"
arm-none-eabi-gcc -o "1_gpio_output.elf" @"objects.list"   -mcpu=cortex-m4 -T"D:\stm32\1_gpio_output\STM32F407VGTX_FLASH.ld" --specs=nosys.specs -Wl,-Map="1_gpio_output.map" -Wl,--gc-sections -static --specs=nano.specs -mfpu=fpv4-sp-d16 -mfloat-abi=hard -mthumb -Wl,--start-group -lc -lm -Wl,--end-group
Finished building target: 1_gpio_output.elf
 
arm-none-eabi-size  1_gpio_output.elf 
arm-none-eabi-objdump -h -S 1_gpio_output.elf  > "1_gpio_output.list"
   text	   data	    bss	    dec	    hex	filename
    788	      0	   1568	   2356	    934	1_gpio_output.elf
Finished building: default.size.stdout
 
Finished building: 1_gpio_output.list
 

09:11:55 Build Finished. 0 errors, 0 warnings. (took 1s.187ms)

