10:36:25 **** Incremental Build of configuration Debug for project 6_uart_modular ****
make -j4 all 
arm-none-eabi-gcc "../Src/uart.c" -mcpu=cortex-m4 -std=gnu11 -g3 -DDEBUG -DSTM32 -DSTM32F4 -DSTM32F407VGTx -DSTM32F407xx -c -I../Inc -I"D:/stm32/chip_headers/CMSIS/Device/ST/STM32F4xx/Include" -I"D:/stm32/chip_headers/CMSIS/Include" -O0 -ffunction-sections -fdata-sections -Wall -fstack-usage -fcyclomatic-complexity -MMD -MP -MF"Src/uart.d" -MT"Src/uart.o" --specs=nano.specs -mfpu=fpv4-sp-d16 -mfloat-abi=hard -mthumb -o "Src/uart.o"
arm-none-eabi-gcc -o "6_uart_modular.elf" @"objects.list"   -mcpu=cortex-m4 -T"D:\stm32\6_uart_modular\STM32F407VGTX_FLASH.ld" --specs=nosys.specs -Wl,-Map="6_uart_modular.map" -Wl,--gc-sections -static --specs=nano.specs -mfpu=fpv4-sp-d16 -mfloat-abi=hard -mthumb -Wl,--start-group -lc -lm -Wl,--end-group
Finished building target: 6_uart_modular.elf
 
arm-none-eabi-size  6_uart_modular.elf 
arm-none-eabi-objdump -h -S 6_uart_modular.elf  > "6_uart_modular.list"
   text	   data	    bss	    dec	    hex	filename
   3680	     92	   1900	   5672	   1628	6_uart_modular.elf
Finished building: default.size.stdout
 
Finished building: 6_uart_modular.list
 

10:36:26 Build Finished. 0 errors, 0 warnings. (took 556ms)

