10:53:03 **** Incremental Build of configuration Debug for project 7_uart_rx ****
make -j4 all 
arm-none-eabi-gcc "../Src/uart.c" -mcpu=cortex-m4 -std=gnu11 -g3 -DDEBUG -DSTM32 -DSTM32F4 -DSTM32F407VGTx -DSTM32F407xx -c -I../Inc -I"D:/stm32/chip_headers/CMSIS/Device/ST/STM32F4xx/Include" -I"D:/stm32/chip_headers/CMSIS/Include" -O0 -ffunction-sections -fdata-sections -Wall -fstack-usage -fcyclomatic-complexity -MMD -MP -MF"Src/uart.d" -MT"Src/uart.o" --specs=nano.specs -mfpu=fpv4-sp-d16 -mfloat-abi=hard -mthumb -o "Src/uart.o"
arm-none-eabi-gcc -o "7_uart_rx.elf" @"objects.list"   -mcpu=cortex-m4 -T"D:\stm32\7_uart_rx\STM32F407VGTX_FLASH.ld" --specs=nosys.specs -Wl,-Map="7_uart_rx.map" -Wl,--gc-sections -static --specs=nano.specs -mfpu=fpv4-sp-d16 -mfloat-abi=hard -mthumb -Wl,--start-group -lc -lm -Wl,--end-group
Finished building target: 7_uart_rx.elf
 
arm-none-eabi-size  7_uart_rx.elf 
arm-none-eabi-objdump -h -S 7_uart_rx.elf  > "7_uart_rx.list"
   text	   data	    bss	    dec	    hex	filename
   1088	      0	   1568	   2656	    a60	7_uart_rx.elf
Finished building: default.size.stdout
 
Finished building: 7_uart_rx.list
 

10:53:03 Build Finished. 0 errors, 0 warnings. (took 566ms)

