11:42:43 **** Incremental Build of configuration Debug for project 5_uart_printf ****
make -j4 all 
arm-none-eabi-gcc "../Src/main.c" -mcpu=cortex-m4 -std=gnu11 -g3 -DDEBUG -DSTM32 -DSTM32F4 -DSTM32F407VGTx -DSTM32F407xx -c -I../Inc -I"D:/stm32/chip_headers/CMSIS/Device/ST/STM32F4xx/Include" -I"D:/stm32/chip_headers/CMSIS/Include" -O0 -ffunction-sections -fdata-sections -Wall -fstack-usage -fcyclomatic-complexity -MMD -MP -MF"Src/main.d" -MT"Src/main.o" --specs=nano.specs -mfpu=fpv4-sp-d16 -mfloat-abi=hard -mthumb -o "Src/main.o"
arm-none-eabi-gcc -o "5_uart_printf.elf" @"objects.list"   -mcpu=cortex-m4 -T"D:\stm32\5_uart_printf\STM32F407VGTX_FLASH.ld" --specs=nosys.specs -Wl,-Map="5_uart_printf.map" -Wl,--gc-sections -static --specs=nano.specs -mfpu=fpv4-sp-d16 -mfloat-abi=hard -mthumb -Wl,--start-group -lc -lm -Wl,--end-group
Finished building target: 5_uart_printf.elf
 
arm-none-eabi-size  5_uart_printf.elf 
arm-none-eabi-objdump -h -S 5_uart_printf.elf  > "5_uart_printf.list"
   text	   data	    bss	    dec	    hex	filename
   3676	     92	   1900	   5668	   1624	5_uart_printf.elf
Finished building: default.size.stdout
 
Finished building: 5_uart_printf.list
 
11:42:49 **** Incremental Build of configuration Debug for project 5_uart_printf ****
make -j4 all 
arm-none-eabi-size  5_uart_printf.elf 
   text	   data	    bss	    dec	    hex	filename
   3676	     92	   1900	   5668	   1624	5_uart_printf.elf
Finished building: default.size.stdout
 
