11:01:53 **** Incremental Build of configuration Debug for project 4_uart_tx ****
make -j4 all 
arm-none-eabi-gcc "../Src/main.c" -mcpu=cortex-m4 -std=gnu11 -g3 -DDEBUG -DSTM32 -DSTM32F4 -DSTM32F407VGTx -DSTM32F407xx -c -I../Inc -I"D:/stm32/chip_headers/CMSIS/Device/ST/STM32F4xx/Include" -I"D:/stm32/chip_headers/CMSIS/Include" -O0 -ffunction-sections -fdata-sections -Wall -fstack-usage -fcyclomatic-complexity -MMD -MP -MF"Src/main.d" -MT"Src/main.o" --specs=nano.specs -mfpu=fpv4-sp-d16 -mfloat-abi=hard -mthumb -o "Src/main.o"
arm-none-eabi-gcc -o "4_uart_tx.elf" @"objects.list"   -mcpu=cortex-m4 -T"D:\stm32\4_uart_tx\STM32F407VGTX_FLASH.ld" --specs=nosys.specs -Wl,-Map="4_uart_tx.map" -Wl,--gc-sections -static --specs=nano.specs -mfpu=fpv4-sp-d16 -mfloat-abi=hard -mthumb -Wl,--start-group -lc -lm -Wl,--end-group
Finished building target: 4_uart_tx.elf
 
arm-none-eabi-size  4_uart_tx.elf 
arm-none-eabi-objdump -h -S 4_uart_tx.elf  > "4_uart_tx.list"
   text	   data	    bss	    dec	    hex	filename
    936	      0	   1568	   2504	    9c8	4_uart_tx.elf
Finished building: default.size.stdout
 
Finished building: 4_uart_tx.list
 
11:02:00 **** Incremental Build of configuration Debug for project 3_gpio_input ****
make -j4 all 
arm-none-eabi-gcc "../Src/main.c" -mcpu=cortex-m4 -std=gnu11 -g3 -DDEBUG -DSTM32 -DSTM32F4 -DSTM32F407VGTx -DSTM32F407xx -c -I../Inc -I"D:/stm32/chip_headers/CMSIS/Device/ST/STM32F4xx/Include" -I"D:/stm32/chip_headers/CMSIS/Include" -O0 -ffunction-sections -fdata-sections -Wall -fstack-usage -fcyclomatic-complexity -MMD -MP -MF"Src/main.d" -MT"Src/main.o" --specs=nano.specs -mfpu=fpv4-sp-d16 -mfloat-abi=hard -mthumb -o "Src/main.o"
arm-none-eabi-gcc -o "3_gpio_input.elf" @"objects.list"   -mcpu=cortex-m4 -T"D:\stm32\3_gpio_input\STM32F407VGTX_FLASH.ld" --specs=nosys.specs -Wl,-Map="3_gpio_input.map" -Wl,--gc-sections -static --specs=nano.specs -mfpu=fpv4-sp-d16 -mfloat-abi=hard -mthumb -Wl,--start-group -lc -lm -Wl,--end-group
Finished building target: 3_gpio_input.elf
 
arm-none-eabi-size  3_gpio_input.elf 
arm-none-eabi-objdump -h -S 3_gpio_input.elf  > "3_gpio_input.list"
   text	   data	    bss	    dec	    hex	filename
    772	      0	   1568	   2340	    924	3_gpio_input.elf
Finished building: default.size.stdout
 
Finished building: 3_gpio_input.list
 
11:28:27 **** Incremental Build of configuration Debug for project 4_uart_tx ****
make -j4 all 
arm-none-eabi-size  4_uart_tx.elf 
   text	   data	    bss	    dec	    hex	filename
    936	      0	   1568	   2504	    9c8	4_uart_tx.elf
Finished building: default.size.stdout
 
